1: CLASS
1: CLASS_ID(Good)
1: LCBR
2: INT
2: ID(bad)
2: EQUAL
2: INTEGER(4)
2: SEMI
3: RCBR
3: EOF
